Starting benchmark suite...
This script will skip configurations that already have complete results.
========================================================================

=======================================================================
Processing benchmark configuration: default [1/7]
With default RUSTFLAGS
Progress: 14% complete
=======================================================================
SKIPPED: Complete benchmark results already exist for default

=======================================================================
Processing benchmark configuration: native [1/7]
With RUSTFLAGS: -C target-cpu=native
Progress: 14% complete
=======================================================================
SKIPPED: Complete benchmark results already exist for native

=======================================================================
Processing benchmark configuration: native-sse2 [1/7]
With RUSTFLAGS: -C target-cpu=native -C target-feature=+sse2
Progress: 14% complete
=======================================================================
SKIPPED: Complete benchmark results already exist for native-sse2

=======================================================================
Processing benchmark configuration: native-sse4 [1/7]
With RUSTFLAGS: -C target-cpu=native -C target-feature=+sse4.2,+ssse3,+sse3,+sse2
Progress: 14% complete
=======================================================================
SKIPPED: Complete benchmark results already exist for native-sse4

=======================================================================
Processing benchmark configuration: native-avx [1/7]
With RUSTFLAGS: -C target-cpu=native -C target-feature=+avx,+sse4.2,+ssse3,+sse3,+sse2
Progress: 14% complete
=======================================================================
SKIPPED: Complete benchmark results already exist for native-avx

=======================================================================
Processing benchmark configuration: native-avx2 [1/7]
With RUSTFLAGS: -C target-cpu=native -C target-feature=+avx2,+avx,+sse4.2,+ssse3,+sse3,+sse2
Progress: 14% complete
=======================================================================
SKIPPED: Complete benchmark results already exist for native-avx2

=======================================================================
Processing benchmark configuration: native-avx512 [1/7]
With RUSTFLAGS: -C target-cpu=native -C target-feature=+avx512f,+avx512bw,+avx2,+avx,+sse4.2,+ssse3,+sse3,+sse2
Progress: 14% complete
=======================================================================
No existing results found for native-avx512, proceeding with benchmark...
🚀 Starting benchmark execution for native-avx512...
⏰ 02:04:52 - This may take 15-30 minutes per target
🏃 Running: cargo bench -- --save-baseline native-avx512
📊 Benchmark output (streaming):
----------------------------------------
   Compiling proc-macro2 v1.0.92
   Compiling crossbeam-utils v0.8.21
   Compiling num-traits v0.2.19
   Compiling benchfind v0.1.0 (/home/nmrp3/devel/turingatemyhamster/benchfind)
error: failed to run custom build command for `crossbeam-utils v0.8.21`

Caused by:
  process didn't exit successfully: `/home/nmrp3/devel/turingatemyhamster/benchfind/target/release/build/crossbeam-utils-628f245e8bee607f/build-script-build` (signal: 4, SIGILL: illegal instruction)
  --- stdout
  cargo:rerun-if-changed=no_atomic.rs
  cargo:rustc-check-cfg=cfg(crossbeam_no_atomic,crossbeam_sanitize_thread)
warning: build failed, waiting for other jobs to finish...
error: failed to run custom build command for `proc-macro2 v1.0.92`

Caused by:
  process didn't exit successfully: `/home/nmrp3/devel/turingatemyhamster/benchfind/target/release/build/proc-macro2-dc5d71ab1b186927/build-script-build` (signal: 4, SIGILL: illegal instruction)
  --- stdout
  cargo:rustc-check-cfg=cfg(fuzzing)
  cargo:rustc-check-cfg=cfg(no_is_available)
  cargo:rustc-check-cfg=cfg(no_literal_byte_character)
  cargo:rustc-check-cfg=cfg(no_literal_c_string)
  cargo:rustc-check-cfg=cfg(no_source_text)
  cargo:rustc-check-cfg=cfg(proc_macro_span)
  cargo:rustc-check-cfg=cfg(procmacro2_backtrace)
  cargo:rustc-check-cfg=cfg(procmacro2_nightly_testing)
  cargo:rustc-check-cfg=cfg(procmacro2_semver_exempt)
  cargo:rustc-check-cfg=cfg(randomize_layout)
  cargo:rustc-check-cfg=cfg(span_locations)
  cargo:rustc-check-cfg=cfg(super_unstable)
  cargo:rustc-check-cfg=cfg(wrap_proc_macro)
  cargo:rerun-if-changed=build/probe.rs
error: failed to run custom build command for `num-traits v0.2.19`

Caused by:
  process didn't exit successfully: `/home/nmrp3/devel/turingatemyhamster/benchfind/target/release/build/num-traits-410b3dd9e0b08507/build-script-build` (signal: 4, SIGILL: illegal instruction)
----------------------------------------
✅ Benchmark completed successfully
Benchmark phase completed successfully for native-avx512
✅ Benchmarks completed for native-avx512 at 02:04:52
🔍 Running SIMD analysis for native-avx512...
🔬 Running: ./check_simd.sh native-avx512
./bench_all.sh: line 113: ./check_simd.sh: No such file or directory
ERROR: SIMD check failed with exit code: 127
This may indicate compilation issues or unsupported target features.
⚠️  Configuration native-avx512 completed with SIMD check warnings
✅ Configuration native-avx512 processing complete


=======================================================================
BENCHMARK SUITE SUMMARY
=======================================================================
Total configurations: 7
Successful: 1
Skipped: 6
Failed: 0

Detailed results:
  default     : SKIPPED
  native      : SKIPPED
  native-sse2 : SKIPPED
  native-sse4 : SKIPPED
  native-avx  : SKIPPED
  native-avx2 : SKIPPED
  native-avx512: SUCCESS (SIMD check failed)

Benchmark suite completed with some successful results.
